// Jest Snapshot v1, https://goo.gl/fbAQLP

exports[`<Weather /> renders the weather app without data 1`] = `[Function]`;
