// Jest Snapshot v1, https://goo.gl/fbAQLP

exports[`SkeletonInit Component 1`] = `
Array [
  <div
    className="MuiGrid-root MuiGrid-container MuiGrid-item MuiGrid-grid-xs-12 MuiGrid-grid-sm-12 MuiGrid-grid-md-12 MuiGrid-grid-lg-12 MuiGrid-grid-xl-12"
    style={
      Object {
        "backgroundColor": "rgba(255, 255, 255, 0.8)",
        "paddingTop": 10,
      }
    }
  >
    <div
      className="MuiGrid-root MuiGrid-container MuiGrid-item MuiGrid-grid-xs-6 MuiGrid-grid-sm-6 MuiGrid-grid-md-6 MuiGrid-grid-lg-6 MuiGrid-grid-xl-6"
    >
      <div
        className="MuiGrid-root MuiGrid-container MuiGrid-direction-xs-column MuiGrid-align-items-xs-center MuiGrid-justify-content-xs-center"
      >
        <span
          className="MuiSkeleton-root MuiSkeleton-circle MuiSkeleton-pulse"
          style={
            Object {
              "height": 200,
              "width": 200,
            }
          }
        />
      </div>
    </div>
    <div
      className="MuiGrid-root MuiGrid-container MuiGrid-item MuiGrid-justify-content-xs-center MuiGrid-grid-xs-6 MuiGrid-grid-sm-6 MuiGrid-grid-md-6 MuiGrid-grid-lg-6 MuiGrid-grid-xl-6"
      style={
        Object {
          "marginBottom": 10,
          "marginTop": 10,
        }
      }
    >
      <span
        className="MuiSkeleton-root MuiSkeleton-text MuiSkeleton-pulse"
        style={
          Object {
            "height": 40,
            "width": "80%",
          }
        }
      />
      <span
        className="MuiSkeleton-root MuiSkeleton-text MuiSkeleton-pulse"
        style={
          Object {
            "height": 40,
            "width": "80%",
          }
        }
      />
      <span
        className="MuiSkeleton-root MuiSkeleton-text MuiSkeleton-pulse"
        style={
          Object {
            "height": 40,
            "width": "80%",
          }
        }
      />
      <span
        className="MuiSkeleton-root MuiSkeleton-text MuiSkeleton-pulse"
        style={
          Object {
            "height": 40,
            "width": "80%",
          }
        }
      />
      <span
        className="MuiSkeleton-root MuiSkeleton-text MuiSkeleton-pulse"
        style={
          Object {
            "height": 40,
            "width": "80%",
          }
        }
      />
      <span
        className="MuiSkeleton-root MuiSkeleton-text MuiSkeleton-pulse"
        style={
          Object {
            "height": 40,
            "width": "80%",
          }
        }
      />
    </div>
  </div>,
  <div
    className="MuiGrid-root MuiGrid-container MuiGrid-item MuiGrid-grid-xs-12 MuiGrid-grid-sm-12 MuiGrid-grid-md-12 MuiGrid-grid-lg-12 MuiGrid-grid-xl-12"
    style={
      Object {
        "backgroundColor": "rgba(255, 255, 255, 0.9)",
      }
    }
  >
    <div
      className="MuiGrid-root MuiGrid-container MuiGrid-item MuiGrid-grid-xs-6 MuiGrid-grid-sm-6 MuiGrid-grid-md-6 MuiGrid-grid-lg-6 MuiGrid-grid-xl-6"
    />
    <div
      className="MuiGrid-root MuiGrid-container MuiGrid-item MuiGrid-justify-content-xs-center MuiGrid-grid-xs-6 MuiGrid-grid-sm-6 MuiGrid-grid-md-6 MuiGrid-grid-lg-6 MuiGrid-grid-xl-6"
      style={
        Object {
          "marginBottom": 10,
          "marginTop": 10,
        }
      }
    >
      <span
        className="MuiSkeleton-root MuiSkeleton-text MuiSkeleton-pulse"
        style={
          Object {
            "height": 40,
            "width": "80%",
          }
        }
      />
      <span
        className="MuiSkeleton-root MuiSkeleton-text MuiSkeleton-pulse"
        style={
          Object {
            "height": 40,
            "width": "80%",
          }
        }
      />
    </div>
  </div>,
  <div
    className="MuiGrid-root MuiGrid-container MuiGrid-item MuiGrid-grid-xs-12 MuiGrid-grid-sm-12 MuiGrid-grid-md-12 MuiGrid-grid-lg-12 MuiGrid-grid-xl-12"
    style={
      Object {
        "backgroundColor": "rgba(255, 255, 255, 0.8)",
        "borderBottomLeftRadius": 4,
        "borderBottomRightRadius": 4,
      }
    }
  >
    <div
      className="MuiGrid-root MuiGrid-container MuiGrid-item MuiGrid-grid-xs-6 MuiGrid-grid-sm-6 MuiGrid-grid-md-6 MuiGrid-grid-lg-6 MuiGrid-grid-xl-6"
    />
    <div
      className="MuiGrid-root MuiGrid-container MuiGrid-item MuiGrid-justify-content-xs-center MuiGrid-grid-xs-6 MuiGrid-grid-sm-6 MuiGrid-grid-md-6 MuiGrid-grid-lg-6 MuiGrid-grid-xl-6"
      style={
        Object {
          "marginBottom": 10,
          "marginTop": 10,
        }
      }
    >
      <span
        className="MuiSkeleton-root MuiSkeleton-text MuiSkeleton-pulse"
        style={
          Object {
            "height": 40,
            "width": "80%",
          }
        }
      />
      <span
        className="MuiSkeleton-root MuiSkeleton-text MuiSkeleton-pulse"
        style={
          Object {
            "height": 40,
            "width": "80%",
          }
        }
      />
    </div>
  </div>,
]
`;
