// Jest Snapshot v1, https://goo.gl/fbAQLP

exports[`<GlobalStyles /> renders global css 1`] = `
<head>
  <style
    data-styled="active"
    data-styled-version="5.3.9"
  />
</head>
`;
